>A 10000..20000 FWD
Annotation for A
>B 20000..30000 REV
Annotation for B (first line)
Annotation for B (second line)
>C 30000..40000
